// Jest Snapshot v1, https://goo.gl/fbAQLP

exports[`Label component should match snapshot 1`] = `null`;
