// Jest Snapshot v1, https://goo.gl/fbAQLP

exports[`SwitchCustom component should match snapshot 1`] = `null`;
